../Core/Src/main.c:70:7:display7SEG	16	static
../Core/Src/main.c:178:6:enable7SEG	16	static
../Core/Src/main.c:208:6:update7SEG	16	static
../Core/Src/main.c:231:6:updateClockBuffer	4	static
../Core/Src/main.c:239:6:HAL_TIM_PeriodElapsedCallback	16	static
../Core/Src/main.c:249:5:main	8	static
../Core/Src/main.c:336:6:SystemClock_Config	72	static
../Core/Src/main.c:373:13:MX_TIM2_Init	32	static
../Core/Src/main.c:418:13:MX_GPIO_Init	32	static
../Core/Src/main.c:466:6:Error_Handler	4	static,ignoring_inline_asm
